
> mapwar@0.0.0 test
> vitest src/renderer/CellInfoSystem.test.ts --run


[1m[46m RUN [49m[22m [36mv4.0.16 [39m[90mC:/Users/loolo/OneDrive/Documents/Project/MapWar[39m

 [32mΓ£ô[39m src/renderer/CellInfoSystem.test.ts [2m([22m[2m3 tests[22m[2m)[22m[32m 5[2mms[22m[39m

[2m Test Files [22m [1m[32m1 passed[39m[22m[90m (1)[39m
[2m      Tests [22m [1m[32m3 passed[39m[22m[90m (3)[39m
[2m   Start at [22m 13:44:09
[2m   Duration [22m 228ms[2m (transform 96ms, setup 0ms, import 118ms, tests 5ms, environment 0ms)[22m

